Some text.
Some other non-constant text: 3
Some text.
Some other non-constant text: 
Some text.
Some other non-constant text: 1
Some text.
Some other non-constant text: 4
Some text.
Some other non-constant text: 
Some text.
Some other non-constant text: 
Some text.
Some other non-constant text: -1
Some text.
Some other non-constant text: some alpha
Some text.
Some other non-constant text: 
Some text.
Some other non-constant text: -99999999
Some text.
Some other non-constant text: 
