<?xml version="1.0"?>
<aL xmlns:enx="A"><a/><a/></aL>
